// Jest Snapshot v1, https://goo.gl/fbAQLP

exports[`BankAllAccounts snapshot test 1`] = `null`;
