// Jest Snapshot v1, https://goo.gl/fbAQLP

exports[`NotFound snapshot test 1`] = `
<div
  className="d-flex align-items-center justify-content-center vh-100"
>
  <div
    className="text-center"
  >
    <h1
      className="display-1 fw-bold mx-auto"
    >
      404
    </h1>
    <p
      className="fs-3"
    >
       
      <span
        className="text-danger"
      >
        Opps!
      </span>
       Page not found.
    </p>
    <p
      className="lead"
    >
      The page you’re looking for doesn’t exist.
    </p>
    <a
      className="btn btn-primary"
      href="/"
      onClick={[Function]}
    >
      Go Home
    </a>
  </div>
</div>
`;
