// Jest Snapshot v1, https://goo.gl/fbAQLP

exports[`Login Page snapshot test 1`] = `null`;
