// Jest Snapshot v1, https://goo.gl/fbAQLP

exports[`SharedHeader snapshot test 1`] = `
<section
  className="shared_header"
>
  <div
    className="overlay"
  >
    <div
      className="container"
    >
      <div
        className="row"
      >
        <div
          className="col"
          data-wow-delay="0.6s"
          style={
            Object {
              "animationDelay": "0.6s",
              "animationName": "fadeInUp",
              "visibility": "visible",
            }
          }
        >
          <div
            className="fadeInUp"
          >
            <h2
              className="text-center mb-4"
            >
              Welcome 
              user
               !
            </h2>
            <p
              className="text-center mt-3"
            >
              Here are your 
               bank accounts linked with 
            </p>
          </div>
        </div>
      </div>
    </div>
  </div>
</section>
`;
